
2025-12-01 15:14:14,043 - INFO - Created folder: sounds
2025-12-01 15:14:14,044 - INFO - Created folder: skins
2025-12-01 15:14:14,044 - INFO - Created folder: backgrounds
2025-12-01 15:14:14,045 - INFO - Created folder: menu
2025-12-01 15:14:14,045 - INFO - Created folder: chests
2025-12-01 15:14:14,054 - INFO - Skin loaded successfully: cube01
2025-12-01 17:32:01,221 - INFO - Skin loaded successfully: cube01
2025-12-01 17:32:09,120 - INFO - Skin loaded successfully: cube01
2025-12-01 17:32:25,737 - INFO - Player data loaded for: don minon
2025-12-01 17:36:03,382 - INFO - Skin loaded successfully: cube01
2025-12-01 17:37:35,865 - INFO - Skin loaded successfully: cube01
2025-12-01 17:37:48,140 - INFO - Player data loaded for: don minon
2025-12-01 17:38:00,098 - INFO - Skin loaded successfully: cube03
2025-12-01 17:38:42,135 - INFO - Skin loaded successfully: cube01
2025-12-01 17:40:36,298 - INFO - Player data loaded for: don minon
2025-12-01 17:40:40,237 - INFO - Skin loaded successfully: cube02
2025-12-03 16:43:12,231 - WARNING - Скин не загрузился: 'Game' object has no attribute 'player'
2025-12-03 16:43:12,232 - ERROR - Error loading resources: 'Game' object has no attribute 'player'
2025-12-03 16:43:18,682 - WARNING - Скин не загрузился: 'Game' object has no attribute 'player'
2025-12-03 16:43:18,682 - ERROR - Error loading resources: 'Game' object has no attribute 'player'
2025-12-03 16:43:30,535 - WARNING - Скин не загрузился: 'Game' object has no attribute 'player'
2025-12-03 16:43:30,535 - ERROR - Error loading resources: 'Game' object has no attribute 'player'
2025-12-03 16:44:02,856 - WARNING - Скин не загрузился: 'Game' object has no attribute 'player'
2025-12-03 16:44:02,857 - ERROR - Error loading resources: 'Game' object has no attribute 'player'
2025-12-03 16:44:07,883 - WARNING - Скин не загрузился: 'Game' object has no attribute 'player'
2025-12-03 16:44:07,883 - ERROR - Error loading resources: 'Game' object has no attribute 'player'
2025-12-03 16:44:24,436 - WARNING - Скин не загрузился: 'Game' object has no attribute 'player'
2025-12-03 16:44:24,436 - ERROR - Error loading resources: 'Game' object has no attribute 'player'
2025-12-03 17:12:22,764 - INFO - Skin loaded successfully: cube01, size: 60
2025-12-03 17:14:04,771 - INFO - Player data loaded for: don minon
2025-12-03 17:19:07,596 - INFO - Skin loaded successfully: cube01, size: 60
2025-12-03 17:26:15,985 - INFO - Skin loaded successfully: cube01, size: 60
2025-12-03 17:26:19,765 - INFO - Skin loaded successfully: cube01, size: 60
2025-12-03 17:28:09,242 - INFO - Skin loaded successfully: cube01, size: 60
2025-12-03 17:28:18,224 - INFO - Player data loaded for: don minon
2025-12-03 17:28:35,265 - INFO - Skin loaded successfully: cube01, size: 60
2025-12-03 17:29:44,359 - INFO - Skin loaded successfully: cube01, size: 60
2025-12-03 17:32:51,626 - INFO - Skin loaded successfully: cube01, size: 60
2025-12-03 17:33:49,821 - INFO - Skin loaded successfully: cube01, size: 60
2025-12-03 18:09:37,860 - INFO - Skin loaded successfully: cube01, size: 60
2025-12-03 19:14:58,587 - INFO - Skin loaded successfully: cube01, size: 60
2025-12-03 19:21:26,382 - INFO - Skin loaded successfully: cube01, size: 60
2025-12-03 19:22:09,638 - INFO - Skin loaded successfully: cube01, size: 60
2025-12-03 19:32:40,780 - INFO - Skin loaded successfully: cube01, size: 60
2025-12-03 19:35:38,354 - INFO - Skin loaded successfully: cube01, size: 60
2025-12-03 21:10:35,956 - INFO - Skin loaded successfully: cube01, size: 60
2025-12-03 21:13:03,820 - INFO - Skin loaded successfully: cube01, size: 60
2025-12-03 21:14:36,806 - INFO - Skin loaded successfully: cube01, size: 60
2025-12-03 21:14:44,748 - INFO - Skin loaded successfully: cube01, size: 60
2025-12-03 21:19:52,414 - INFO - Skin loaded successfully: cube01, size: 60
2025-12-03 21:20:07,436 - INFO - Skin loaded successfully: cube01, size: 60
2025-12-03 21:20:14,162 - INFO - No progression found for skin cube01, starting fresh
2025-12-03 21:20:14,162 - INFO - Player data loaded for: don minon
2025-12-03 21:20:22,325 - INFO - Level Unknown force-completed
2025-12-03 21:22:59,784 - INFO - Auto-save completed
2025-12-03 21:23:31,405 - INFO - Auto-save completed
2025-12-03 21:24:11,696 - INFO - Auto-save completed
2025-12-03 21:24:43,960 - INFO - Auto-save completed
2025-12-03 21:25:16,265 - INFO - Auto-save completed
2025-12-03 21:25:48,263 - INFO - Auto-save completed
2025-12-03 21:26:18,852 - INFO - Auto-save completed
2025-12-03 21:26:54,400 - INFO - Auto-save completed
2025-12-03 21:30:37,061 - INFO - Skin loaded successfully: cube01, size: 60
2025-12-03 21:30:46,176 - INFO - Level Unknown force-completed
